[Sat Apr 04 10:06:53 2026] [INFO] Nexus Traffic Control Node v9.0 Initialized.
[Sat Apr 04 10:06:58 2026] [INFO] User logged in: admin
[Sat Apr 04 10:07:03 2026] [WEATHER] Weather shifted to Storm
[Sat Apr 04 10:07:13 2026] [WEATHER] Weather shifted to Snow
[Sat Apr 04 10:07:23 2026] [WEATHER] Weather shifted to Clear
[Sat Apr 04 10:07:33 2026] [WEATHER] Weather shifted to Rain
[Sat Apr 04 10:07:43 2026] [WEATHER] Weather shifted to Clear
[Sat Apr 04 10:07:53 2026] [WEATHER] Weather shifted to Rain
[Sat Apr 04 10:08:03 2026] [WEATHER] Weather shifted to Clear
[Sat Apr 04 10:08:08 2026] [ROUTING] admin traversed Gotham->StarCity
[Sat Apr 04 10:08:13 2026] [WEATHER] Weather shifted to Storm
[Sat Apr 04 10:08:23 2026] [WEATHER] Weather shifted to Rain
[Sat Apr 04 10:08:33 2026] [WEATHER] Weather shifted to Rain
[Sat Apr 04 10:08:43 2026] [WEATHER] Weather shifted to Clear
[Sat Apr 04 10:08:53 2026] [WEATHER] Weather shifted to Rain
[Sat Apr 04 10:09:03 2026] [WEATHER] Weather shifted to Clear
[Sat Apr 04 10:09:13 2026] [WEATHER] Weather shifted to Rain
[Sat Apr 04 10:09:23 2026] [WEATHER] Weather shifted to Storm
[Sat Apr 04 10:09:33 2026] [WEATHER] Weather shifted to Clear
[Sat Apr 04 10:09:43 2026] [WEATHER] Weather shifted to Rain
[Sat Apr 04 10:09:53 2026] [WEATHER] Weather shifted to Rain
[Sat Apr 04 10:10:03 2026] [WEATHER] Weather shifted to Clear
[Sat Apr 04 10:10:13 2026] [WEATHER] Weather shifted to Clear
[Sat Apr 04 10:10:23 2026] [WEATHER] Weather shifted to Clear
[Sat Apr 04 10:10:33 2026] [WEATHER] Weather shifted to Fog
[Sat Apr 04 10:10:43 2026] [WEATHER] Weather shifted to Rain
[Sat Apr 04 10:10:53 2026] [WEATHER] Weather shifted to Clear
[Sat Apr 04 10:11:03 2026] [WEATHER] Weather shifted to Clear
[Sat Apr 04 10:11:13 2026] [WEATHER] Weather shifted to Snow
[Sat Apr 04 10:11:23 2026] [WEATHER] Weather shifted to Rain
[Sat Apr 04 10:11:33 2026] [WEATHER] Weather shifted to Snow
[Sat Apr 04 10:11:43 2026] [WEATHER] Weather shifted to Clear
[Sat Apr 04 10:11:53 2026] [WEATHER] Weather shifted to Storm
[Sat Apr 04 10:12:03 2026] [WEATHER] Weather shifted to Clear
[Sat Apr 04 10:12:13 2026] [WEATHER] Weather shifted to Clear
[Sat Apr 04 10:12:23 2026] [WEATHER] Weather shifted to Clear
[Sat Apr 04 10:12:33 2026] [WEATHER] Weather shifted to Clear
[Sat Apr 04 10:12:43 2026] [WEATHER] Weather shifted to Clear
[Sat Apr 04 10:12:53 2026] [WEATHER] Weather shifted to Fog
[Sat Apr 04 10:13:03 2026] [WEATHER] Weather shifted to Rain
[Sat Apr 04 10:13:13 2026] [WEATHER] Weather shifted to Rain
[Sat Apr 04 10:13:23 2026] [WEATHER] Weather shifted to Storm
[Sat Apr 04 10:13:33 2026] [WEATHER] Weather shifted to Rain
[Sat Apr 04 10:13:43 2026] [WEATHER] Weather shifted to Clear
[Sat Apr 04 10:13:53 2026] [WEATHER] Weather shifted to Rain
[Sat Apr 04 10:14:03 2026] [WEATHER] Weather shifted to Clear
[Sat Apr 04 10:14:13 2026] [WEATHER] Weather shifted to Clear
[Sat Apr 04 10:14:23 2026] [WEATHER] Weather shifted to Rain
[Sat Apr 04 10:14:33 2026] [WEATHER] Weather shifted to Rain
[Sat Apr 04 10:14:43 2026] [WEATHER] Weather shifted to Fog
[Sat Apr 04 10:14:53 2026] [WEATHER] Weather shifted to Fog
[Sat Apr 04 10:15:03 2026] [WEATHER] Weather shifted to Clear
[Sat Apr 04 10:15:13 2026] [WEATHER] Weather shifted to Rain
[Sat Apr 04 10:15:23 2026] [WEATHER] Weather shifted to Clear
[Sat Apr 04 10:15:33 2026] [WEATHER] Weather shifted to Rain
[Sat Apr 04 10:15:43 2026] [WEATHER] Weather shifted to Rain
[Sat Apr 04 10:15:53 2026] [WEATHER] Weather shifted to Storm
[Sat Apr 04 10:16:03 2026] [WEATHER] Weather shifted to Fog
[Sat Apr 04 10:16:13 2026] [WEATHER] Weather shifted to Clear
[Sat Apr 04 10:16:23 2026] [WEATHER] Weather shifted to Clear
[Sat Apr 04 10:16:33 2026] [WEATHER] Weather shifted to Clear
[Sat Apr 04 10:16:43 2026] [WEATHER] Weather shifted to Fog
[Sat Apr 04 10:16:53 2026] [WEATHER] Weather shifted to Rain
[Sat Apr 04 10:17:03 2026] [WEATHER] Weather shifted to Rain
[Sat Apr 04 10:17:13 2026] [WEATHER] Weather shifted to Rain
[Sat Apr 04 10:17:23 2026] [WEATHER] Weather shifted to Clear
[Sat Apr 04 10:17:33 2026] [WEATHER] Weather shifted to Rain
[Sat Apr 04 10:17:43 2026] [WEATHER] Weather shifted to Snow
[Sat Apr 04 10:17:53 2026] [WEATHER] Weather shifted to Rain
[Sat Apr 04 10:18:03 2026] [WEATHER] Weather shifted to Rain
[Sat Apr 04 10:18:13 2026] [WEATHER] Weather shifted to Clear
[Sat Apr 04 10:18:23 2026] [WEATHER] Weather shifted to Clear
[Sat Apr 04 10:18:33 2026] [WEATHER] Weather shifted to Rain
[Sat Apr 04 10:18:43 2026] [WEATHER] Weather shifted to Clear
[Sat Apr 04 10:18:53 2026] [WEATHER] Weather shifted to Fog
[Sat Apr 04 10:19:03 2026] [WEATHER] Weather shifted to Storm
[Sat Apr 04 10:19:13 2026] [WEATHER] Weather shifted to Snow
[Sat Apr 04 10:19:23 2026] [WEATHER] Weather shifted to Clear
[Sat Apr 04 10:19:33 2026] [WEATHER] Weather shifted to Clear
[Sat Apr 04 10:19:43 2026] [WEATHER] Weather shifted to Snow
[Sat Apr 04 10:19:53 2026] [WEATHER] Weather shifted to Fog
[Sat Apr 04 10:20:03 2026] [WEATHER] Weather shifted to Rain
[Sat Apr 04 10:20:13 2026] [WEATHER] Weather shifted to Clear
[Sat Apr 04 10:20:23 2026] [WEATHER] Weather shifted to Rain
[Sat Apr 04 10:20:33 2026] [WEATHER] Weather shifted to Clear
[Sat Apr 04 10:20:43 2026] [WEATHER] Weather shifted to Clear
[Sat Apr 04 10:20:53 2026] [WEATHER] Weather shifted to Fog
[Sat Apr 04 10:21:03 2026] [WEATHER] Weather shifted to Clear
[Sat Apr 04 10:21:13 2026] [WEATHER] Weather shifted to Rain
[Sat Apr 04 10:21:23 2026] [WEATHER] Weather shifted to Clear
[Sat Apr 04 10:21:33 2026] [WEATHER] Weather shifted to Fog
[Sat Apr 04 10:21:43 2026] [WEATHER] Weather shifted to Rain
[Sat Apr 04 10:21:53 2026] [WEATHER] Weather shifted to Rain